// Jest Snapshot v1, https://goo.gl/fbAQLP

exports[`it works 1`] = `
.emotion-0 {
  color: inherit;
  -webkit-text-decoration: none;
  text-decoration: none;
  padding: 0 28px;
}

.emotion-0:hover {
  -webkit-text-decoration: underline;
  text-decoration: underline;
}

.emotion-0.active {
  -webkit-text-decoration: line-through;
  text-decoration: line-through;
}

<NavLink
  activeClassName="active"
  aria-current="page"
  className="emotion-0 emotion-1"
  to="/random"
/>
`;
