// Jest Snapshot v1, https://goo.gl/fbAQLP

exports[`it works 1`] = `
.emotion-0 {
  height: inherit;
  padding: 0;
  margin: 0;
  background-color: #dfdfdf;
  font-family: Arial,Helvetica,sans-serif;
  color: #333;
  text-align: center;
  display: grid;
  grid-template-rows: 50px 2fr 1fr;
}

<div
  className="emotion-0 emotion-1"
/>
`;
